Archive member included to satisfy reference by file (symbol)

c:/development/tools/gnu tools arm embedded/bin/../lib/gcc/arm-none-eabi/7.3.1/../../../../arm-none-eabi/lib/thumb/v7e-m/fpv4-sp/softfp\libc_nano.a(lib_a-memcpy-stub.o)
                              usb_standard.o (memcpy)
c:/development/tools/gnu tools arm embedded/bin/../lib/gcc/arm-none-eabi/7.3.1/../../../../arm-none-eabi/lib/thumb/v7e-m/fpv4-sp/softfp\libc_nano.a(lib_a-strlen.o)
                              usb_standard.o (strlen)

Discarded input sections

 .text          0x00000000        0x0 dac.o
 .data          0x00000000        0x0 dac.o
 .bss           0x00000000        0x0 dac.o
 .text          0x00000000        0x0 usb.o
 .data          0x00000000        0x0 usb.o
 .bss           0x00000000        0x0 usb.o
 .text.usbd_init
                0x00000000       0x88 usb.o
 .text.usbd_register_reset_callback
                0x00000000       0x12 usb.o
 .text.usbd_register_suspend_callback
                0x00000000       0x12 usb.o
 .text.usbd_register_resume_callback
                0x00000000       0x12 usb.o
 .text.usbd_register_sof_callback
                0x00000000       0x12 usb.o
 .text._usbd_reset
                0x00000000       0x4e usb.o
 .text.usbd_poll
                0x00000000       0x1a usb.o
 .text.usbd_disconnect
                0x00000000       0x32 usb.o
 .text.usbd_ep_setup
                0x00000000       0x42 usb.o
 .text.usbd_ep_write_packet
                0x00000000       0x34 usb.o
 .text.usbd_ep_read_packet
                0x00000000       0x34 usb.o
 .text.usbd_ep_stall_set
                0x00000000       0x2e usb.o
 .text.usbd_ep_stall_get
                0x00000000       0x28 usb.o
 .text.usbd_ep_nak_set
                0x00000000       0x2e usb.o
 .comment       0x00000000       0x80 usb.o
 .ARM.attributes
                0x00000000       0x37 usb.o
 .text          0x00000000        0x0 usb_standard.o
 .data          0x00000000        0x0 usb_standard.o
 .bss           0x00000000        0x0 usb_standard.o
 .text.usbd_register_set_config_callback
                0x00000000       0x56 usb_standard.o
 .text.usbd_register_set_altsetting_callback
                0x00000000       0x14 usb_standard.o
 .text.build_config_descriptor
                0x00000000      0x35a usb_standard.o
 .text.usb_descriptor_type
                0x00000000       0x16 usb_standard.o
 .text.usb_descriptor_index
                0x00000000       0x14 usb_standard.o
 .text.usb_standard_get_descriptor
                0x00000000      0x17a usb_standard.o
 .text.usb_standard_set_address
                0x00000000       0x5c usb_standard.o
 .text.usb_standard_set_configuration
                0x00000000      0x144 usb_standard.o
 .text.usb_standard_get_configuration
                0x00000000       0x56 usb_standard.o
 .text.usb_standard_set_interface
                0x00000000       0xb6 usb_standard.o
 .text.usb_standard_get_interface
                0x00000000       0x6e usb_standard.o
 .text.usb_standard_device_get_status
                0x00000000       0x32 usb_standard.o
 .text.usb_standard_interface_get_status
                0x00000000       0x32 usb_standard.o
 .text.usb_standard_endpoint_get_status
                0x00000000       0x50 usb_standard.o
 .text.usb_standard_endpoint_stall
                0x00000000       0x28 usb_standard.o
 .text.usb_standard_endpoint_unstall
                0x00000000       0x28 usb_standard.o
 .text._usbd_standard_request_device
                0x00000000       0xa4 usb_standard.o
 .text._usbd_standard_request_interface
                0x00000000       0x8c usb_standard.o
 .text._usbd_standard_request_endpoint
                0x00000000       0xac usb_standard.o
 .text._usbd_standard_request
                0x00000000       0x6a usb_standard.o
 .comment       0x00000000       0x80 usb_standard.o
 .ARM.attributes
                0x00000000       0x37 usb_standard.o
 .text          0x00000000        0x0 usb_control.o
 .data          0x00000000        0x0 usb_control.o
 .bss           0x00000000        0x0 usb_control.o
 .text.stall_transaction
                0x00000000       0x20 usb_control.o
 .text.needs_zlp
                0x00000000       0x4a usb_control.o
 .text.usbd_register_control_callback
                0x00000000       0x6e usb_control.o
 .text.usb_control_send_chunk
                0x00000000       0x9a usb_control.o
 .text.usb_control_recv_chunk
                0x00000000       0x72 usb_control.o
 .text.usb_control_request_dispatch
                0x00000000       0xaa usb_control.o
 .text.usb_control_setup_read
                0x00000000       0x7e usb_control.o
 .text.usb_control_setup_write
                0x00000000       0x60 usb_control.o
 .text._usbd_control_setup
                0x00000000       0x5a usb_control.o
 .text._usbd_control_out
                0x00000000       0xd2 usb_control.o
 .text._usbd_control_in
                0x00000000       0x94 usb_control.o
 .comment       0x00000000       0x80 usb_control.o
 .ARM.attributes
                0x00000000       0x37 usb_control.o
 .text          0x00000000        0x0 usb_dwc_common.o
 .data          0x00000000        0x0 usb_dwc_common.o
 .bss           0x00000000        0x0 usb_dwc_common.o
 .text.dwc_set_address
                0x00000000       0x3a usb_dwc_common.o
 .text.dwc_ep_setup
                0x00000000      0x2f2 usb_dwc_common.o
 .text.dwc_endpoints_reset
                0x00000000       0xc2 usb_dwc_common.o
 .text.dwc_ep_stall_set
                0x00000000      0x1d2 usb_dwc_common.o
 .text.dwc_ep_stall_get
                0x00000000       0x66 usb_dwc_common.o
 .text.dwc_ep_nak_set
                0x00000000       0x9a usb_dwc_common.o
 .text.dwc_ep_write_packet
                0x00000000       0xd4 usb_dwc_common.o
 .text.dwc_ep_read_packet
                0x00000000       0xbc usb_dwc_common.o
 .text.dwc_flush_txfifo
                0x00000000       0xca usb_dwc_common.o
 .text.dwc_poll
                0x00000000      0x352 usb_dwc_common.o
 .text.dwc_disconnect
                0x00000000       0x5a usb_dwc_common.o
 .comment       0x00000000       0x80 usb_dwc_common.o
 .ARM.attributes
                0x00000000       0x37 usb_dwc_common.o
 .text          0x00000000        0x0 usb_f107.o
 .data          0x00000000        0x0 usb_f107.o
 .bss           0x00000000        0x0 usb_f107.o
 .bss.usbd_dev  0x00000000       0xfc usb_f107.o
 .rodata.stm32f107_usb_driver
                0x00000000       0x34 usb_f107.o
 .text.stm32f107_usbd_init
                0x00000000      0x100 usb_f107.o
 .comment       0x00000000       0x80 usb_f107.o
 .ARM.attributes
                0x00000000       0x37 usb_f107.o
 .text          0x00000000        0x0 system_stm32f4xx.o
 .data          0x00000000        0x0 system_stm32f4xx.o
 .bss           0x00000000        0x0 system_stm32f4xx.o
 .text          0x00000000        0x0 c:/development/tools/gnu tools arm embedded/bin/../lib/gcc/arm-none-eabi/7.3.1/../../../../arm-none-eabi/lib/thumb/v7e-m/fpv4-sp/softfp\libc_nano.a(lib_a-memcpy-stub.o)
 .data          0x00000000        0x0 c:/development/tools/gnu tools arm embedded/bin/../lib/gcc/arm-none-eabi/7.3.1/../../../../arm-none-eabi/lib/thumb/v7e-m/fpv4-sp/softfp\libc_nano.a(lib_a-memcpy-stub.o)
 .bss           0x00000000        0x0 c:/development/tools/gnu tools arm embedded/bin/../lib/gcc/arm-none-eabi/7.3.1/../../../../arm-none-eabi/lib/thumb/v7e-m/fpv4-sp/softfp\libc_nano.a(lib_a-memcpy-stub.o)
 .text.memcpy   0x00000000       0x16 c:/development/tools/gnu tools arm embedded/bin/../lib/gcc/arm-none-eabi/7.3.1/../../../../arm-none-eabi/lib/thumb/v7e-m/fpv4-sp/softfp\libc_nano.a(lib_a-memcpy-stub.o)
 .debug_frame   0x00000000       0x28 c:/development/tools/gnu tools arm embedded/bin/../lib/gcc/arm-none-eabi/7.3.1/../../../../arm-none-eabi/lib/thumb/v7e-m/fpv4-sp/softfp\libc_nano.a(lib_a-memcpy-stub.o)
 .ARM.attributes
                0x00000000       0x32 c:/development/tools/gnu tools arm embedded/bin/../lib/gcc/arm-none-eabi/7.3.1/../../../../arm-none-eabi/lib/thumb/v7e-m/fpv4-sp/softfp\libc_nano.a(lib_a-memcpy-stub.o)
 .text          0x00000000       0x10 c:/development/tools/gnu tools arm embedded/bin/../lib/gcc/arm-none-eabi/7.3.1/../../../../arm-none-eabi/lib/thumb/v7e-m/fpv4-sp/softfp\libc_nano.a(lib_a-strlen.o)
 .data          0x00000000        0x0 c:/development/tools/gnu tools arm embedded/bin/../lib/gcc/arm-none-eabi/7.3.1/../../../../arm-none-eabi/lib/thumb/v7e-m/fpv4-sp/softfp\libc_nano.a(lib_a-strlen.o)
 .bss           0x00000000        0x0 c:/development/tools/gnu tools arm embedded/bin/../lib/gcc/arm-none-eabi/7.3.1/../../../../arm-none-eabi/lib/thumb/v7e-m/fpv4-sp/softfp\libc_nano.a(lib_a-strlen.o)
 .ARM.attributes
                0x00000000       0x1b c:/development/tools/gnu tools arm embedded/bin/../lib/gcc/arm-none-eabi/7.3.1/../../../../arm-none-eabi/lib/thumb/v7e-m/fpv4-sp/softfp\libc_nano.a(lib_a-strlen.o)

Memory Configuration

Name             Origin             Length             Attributes
FLASH            0x08000000         0x00100000         xr
RAM              0x20000000         0x00020000         xrw
*default*        0x00000000         0xffffffff

Linker script and memory map

LOAD dac.o
LOAD usb.o
LOAD usb_standard.o
LOAD usb_control.o
LOAD usb_dwc_common.o
LOAD usb_f107.o
LOAD system_stm32f4xx.o
LOAD c:/development/tools/gnu tools arm embedded/bin/../lib/gcc/arm-none-eabi/7.3.1/../../../../arm-none-eabi/lib/thumb/v7e-m/fpv4-sp/softfp\libc_nano.a
LOAD c:/development/tools/gnu tools arm embedded/bin/../lib/gcc/arm-none-eabi/7.3.1/../../../../arm-none-eabi/lib/thumb/v7e-m/fpv4-sp/softfp\libnosys.a
START GROUP
LOAD c:/development/tools/gnu tools arm embedded/bin/../lib/gcc/arm-none-eabi/7.3.1/thumb/v7e-m/fpv4-sp/softfp\libgcc.a
LOAD c:/development/tools/gnu tools arm embedded/bin/../lib/gcc/arm-none-eabi/7.3.1/../../../../arm-none-eabi/lib/thumb/v7e-m/fpv4-sp/softfp\libc_nano.a
END GROUP
START GROUP
LOAD c:/development/tools/gnu tools arm embedded/bin/../lib/gcc/arm-none-eabi/7.3.1/thumb/v7e-m/fpv4-sp/softfp\libgcc.a
LOAD c:/development/tools/gnu tools arm embedded/bin/../lib/gcc/arm-none-eabi/7.3.1/../../../../arm-none-eabi/lib/thumb/v7e-m/fpv4-sp/softfp\libc_nano.a
END GROUP

.text           0x08000000      0x3bc
 *(.vectors)
 .vectors       0x08000000      0x184 dac.o
                0x08000000                vector_table
 *(.text*)
 .text.Default_Handler
                0x08000184        0x2 dac.o
                0x08000184                Default_Handler
 *fill*         0x08000186        0x2 
 .text.main     0x08000188       0xbc dac.o
                0x08000188                main
 .text._init_data
                0x08000244       0x58 system_stm32f4xx.o
                0x08000244                _init_data
 .text.Reset_Handler
                0x0800029c       0x24 system_stm32f4xx.o
                0x0800029c                Reset_Handler
 .text.reset_clock
                0x080002c0       0x40 system_stm32f4xx.o
                0x080002c0                reset_clock
 .text.set_sysclk_to_168
                0x08000300       0xbc system_stm32f4xx.o
                0x08000300                set_sysclk_to_168
 *(.rodata*)
                0x080003bc                __etext = ALIGN (0x4)

.glue_7         0x080003bc        0x0
 .glue_7        0x080003bc        0x0 linker stubs

.glue_7t        0x080003bc        0x0
 .glue_7t       0x080003bc        0x0 linker stubs

.vfp11_veneer   0x080003bc        0x0
 .vfp11_veneer  0x080003bc        0x0 linker stubs

.v4_bx          0x080003bc        0x0
 .v4_bx         0x080003bc        0x0 linker stubs

.iplt           0x080003bc        0x0
 .iplt          0x080003bc        0x0 dac.o

.rel.dyn        0x080003bc        0x0
 .rel.iplt      0x080003bc        0x0 dac.o

.data           0x20000000        0x0 load address 0x080003bc
                0x20000000                __data_start__ = .
 *(vtable)
 *(.data*)
                0x20000000                . = ALIGN (0x4)
                [!provide]                PROVIDE (__preinit_array_start = .)
 *(.preinit_array)
                [!provide]                PROVIDE (__preinit_array_end = .)
                0x20000000                . = ALIGN (0x4)
                [!provide]                PROVIDE (__init_array_start = .)
 *(SORT_BY_NAME(.init_array.*))
 *(.init_array)
                [!provide]                PROVIDE (__init_array_end = .)
                0x20000000                . = ALIGN (0x4)
                [!provide]                PROVIDE (__fini_array_start = .)
 *(SORT_BY_NAME(.fini_array.*))
 *(.fini_array)
                [!provide]                PROVIDE (__fini_array_end = .)
 *(.jcr*)
                0x20000000                . = ALIGN (0x4)
                0x20000000                __data_end__ = .

.igot.plt       0x20000000        0x0
 .igot.plt      0x20000000        0x0 dac.o

.bss            0x20000000        0x0
                0x20000000                . = ALIGN (0x4)
                0x20000000                __bss_start__ = .
 *(.bss*)
 *(COMMON)
                0x20000000                . = ALIGN (0x4)
                0x20000000                __bss_end__ = .

.heap           0x20000000        0x0
                0x20000000                __end__ = .
                [!provide]                PROVIDE (end = .)
 *(.heap*)
                0x20000000                __HeapLimit = .

.stack_dummy    0x20000000        0x0
 *(.stack*)
                0x20020000                __StackTop = (ORIGIN (RAM) + LENGTH (RAM))
                0x20020000                __StackLimit = (__StackTop - SIZEOF (.stack_dummy))
                0x20020000                PROVIDE (__stack = __StackTop)
                0x00000001                ASSERT ((__StackLimit >= __HeapLimit), region RAM overflowed with stack)
OUTPUT(dac.elf elf32-littlearm)

.comment        0x00000000       0x7f
 .comment       0x00000000       0x7f dac.o
                                 0x80 (size before relaxing)
 .comment       0x0000007f       0x80 system_stm32f4xx.o

.ARM.attributes
                0x00000000       0x35
 .ARM.attributes
                0x00000000       0x37 dac.o
 .ARM.attributes
                0x00000037       0x37 system_stm32f4xx.o
